eta: 0.05
obj_scale: 0.5
seed: 0
lr: 0.05
num_iter: 300
optimizer: Adam
init_rho: 1
init_lam: 1
init_mu: 1
mu_multiplier: 1.005
test_percentage: 0.5
save_history: false
lr_step_size: 50
lr_gamma: 0.7
random_init: false
parallel: false
kappa: 0
contextual: true
max_iter_line_search: 100
line_search: true
max_batch_size: 100
batch_percentage: 0.8
validate_percentage: 0.2
test_frequency: 5000
validate_frequency: 2000
initialize_predictor: true
Nval: 1000
nval: 10
Rval: 10
seedvals: 0
knnnum: 0.1
epslim: 0.5036
epslimtrain: 0.51012
addval: 0.1
Fmults: 0.2
knn_mult: 0.95
deep: false
expected: true
use_eval: false
