seed,a_seed,nonrob_prob,nonrob_obj,scenario_probs,scenario_obj
50,50,0.6488809077605946,-0.8253382561927364,0.37596253209884484,-0.8082309200002739
